// Jest Snapshot v1, https://goo.gl/fbAQLP

exports[`Home View Renders Home component 1`] = `
Object {
  "asFragment": [Function],
  "baseElement": <body>
    <div>
      <section
        id="home"
      >
        <h1>
          Welcome to our page!
        </h1>
        <p>
          Lorem ipsum dolor sit amet, consectetur adipiscing elit. Suspendisse in ligula tortor. Aliquam fermentum enim ac turpis congue, sed accumsan lorem mollis. Pellentesque ultricies, sapien at porta tincidunt, erat turpis posuere ante, nec viverra tellus dolor nec velit. Aenean fringilla luctus purus, et interdum est rhoncus nec. Suspendisse eu dui a turpis dignissim aliquet. Aenean viverra ultrices lacinia. Fusce tristique nulla lectus, non bibendum risus commodo eget. Aliquam aliquam ipsum eget nisi lobortis porta. Donec ornare tortor elementum ex blandit pharetra.
        </p>
        <p>
          Vestibulum scelerisque tellus in lorem interdum, ac euismod enim bibendum. Aenean finibus odio vel sollicitudin aliquet. Pellentesque habitant morbi tristique senectus et netus et malesuada fames ac turpis egestas. Duis sodales pharetra vulputate. Lorem ipsum dolor sit amet, consectetur adipiscing elit.
        </p>
      </section>
    </div>
  </body>,
  "container": <div>
    <section
      id="home"
    >
      <h1>
        Welcome to our page!
      </h1>
      <p>
        Lorem ipsum dolor sit amet, consectetur adipiscing elit. Suspendisse in ligula tortor. Aliquam fermentum enim ac turpis congue, sed accumsan lorem mollis. Pellentesque ultricies, sapien at porta tincidunt, erat turpis posuere ante, nec viverra tellus dolor nec velit. Aenean fringilla luctus purus, et interdum est rhoncus nec. Suspendisse eu dui a turpis dignissim aliquet. Aenean viverra ultrices lacinia. Fusce tristique nulla lectus, non bibendum risus commodo eget. Aliquam aliquam ipsum eget nisi lobortis porta. Donec ornare tortor elementum ex blandit pharetra.
      </p>
      <p>
        Vestibulum scelerisque tellus in lorem interdum, ac euismod enim bibendum. Aenean finibus odio vel sollicitudin aliquet. Pellentesque habitant morbi tristique senectus et netus et malesuada fames ac turpis egestas. Duis sodales pharetra vulputate. Lorem ipsum dolor sit amet, consectetur adipiscing elit.
      </p>
    </section>
  </div>,
  "debug": [Function],
  "findAllByAltText": [Function],
  "findAllByDisplayValue": [Function],
  "findAllByLabelText": [Function],
  "findAllByPlaceholderText": [Function],
  "findAllByRole": [Function],
  "findAllByTestId": [Function],
  "findAllByText": [Function],
  "findAllByTitle": [Function],
  "findByAltText": [Function],
  "findByDisplayValue": [Function],
  "findByLabelText": [Function],
  "findByPlaceholderText": [Function],
  "findByRole": [Function],
  "findByTestId": [Function],
  "findByText": [Function],
  "findByTitle": [Function],
  "getAllByAltText": [Function],
  "getAllByDisplayValue": [Function],
  "getAllByLabelText": [Function],
  "getAllByPlaceholderText": [Function],
  "getAllByRole": [Function],
  "getAllByTestId": [Function],
  "getAllByText": [Function],
  "getAllByTitle": [Function],
  "getByAltText": [Function],
  "getByDisplayValue": [Function],
  "getByLabelText": [Function],
  "getByPlaceholderText": [Function],
  "getByRole": [Function],
  "getByTestId": [Function],
  "getByText": [Function],
  "getByTitle": [Function],
  "queryAllByAltText": [Function],
  "queryAllByDisplayValue": [Function],
  "queryAllByLabelText": [Function],
  "queryAllByPlaceholderText": [Function],
  "queryAllByRole": [Function],
  "queryAllByTestId": [Function],
  "queryAllByText": [Function],
  "queryAllByTitle": [Function],
  "queryByAltText": [Function],
  "queryByDisplayValue": [Function],
  "queryByLabelText": [Function],
  "queryByPlaceholderText": [Function],
  "queryByRole": [Function],
  "queryByTestId": [Function],
  "queryByText": [Function],
  "queryByTitle": [Function],
  "rerender": [Function],
  "unmount": [Function],
}
`;
